Archive member included to satisfy reference by file (symbol)

../lib/libstatic.a(robot2.o)  etat.o (_ZN6Robot2C1Ev)
../lib/libstatic.a(RS232.o)   ../lib/libstatic.a(robot2.o) (_ZN5Rs23212transmissionEh)
../lib/libstatic.a(Son.o)     ../lib/libstatic.a(robot2.o) (_ZN3SonC1Ev)
../lib/libstatic.a(deplacement.o)
                              ../lib/libstatic.a(robot2.o) (_ZN11DeplacementC1Ev)
../lib/libstatic.a(Drawing.o)
                              ../lib/libstatic.a(robot2.o) (_ZN4DrawC1Ev)
../lib/libstatic.a(Envoie.o)  ../lib/libstatic.a(robot2.o) (_ZN6EnvoieC1Ev)
../lib/libstatic.a(led.o)     ../lib/libstatic.a(robot2.o) (_ZN3LedC1Ev)
../lib/libstatic.a(Makerline.o)
                              ../lib/libstatic.a(deplacement.o) (_ZN9MakerlineC1Ev)
../lib/libstatic.a(memoire_24.o)
                              ../lib/libstatic.a(Drawing.o) (_ZN13Memoire24CXXXD1Ev)
../lib/libstatic.a(moteur.o)  ../lib/libstatic.a(deplacement.o) (_ZN6Moteur13creerInstanceE8TimerPwm)
../lib/libstatic.a(SircProtocol.o)
                              ../lib/libstatic.a(Envoie.o) (_ZN12SircProtocol6turnOnEv)
../lib/libstatic.a(timerPwm.o)
                              ../lib/libstatic.a(deplacement.o) (_ZN8TimerPwmC1Ev)
../lib/libstatic.a(chronometre.o)
                              ../lib/libstatic.a(deplacement.o) (_ZN11ChronometreC1Ev)
/usr/lib/gcc/avr/11.2.0/avr5/libgcc.a(_divmodhi4.o)
                              ../lib/libstatic.a(timerPwm.o) (__divmodhi4)
/usr/lib/gcc/avr/11.2.0/avr5/libgcc.a(_exit.o)
                              /usr/lib/gcc/avr/11.2.0/../../../../avr/lib/avr5/crtatmega324pa.o (exit)
/usr/lib/gcc/avr/11.2.0/avr5/libgcc.a(_copy_data.o)
                              ../lib/libstatic.a(robot2.o) (__do_copy_data)
/usr/lib/gcc/avr/11.2.0/avr5/libgcc.a(_clear_bss.o)
                              ../lib/libstatic.a(robot2.o) (__do_clear_bss)
/usr/lib/gcc/avr/11.2.0/avr5/libgcc.a(_udivmodhi4.o)
                              /usr/lib/gcc/avr/11.2.0/avr5/libgcc.a(_divmodhi4.o) (__udivmodhi4)

Memory Configuration

Name             Origin             Length             Attributes
text             0x0000000000000000 0x0000000000008000 xr
data             0x0000000000800060 0x0000000000000800 rw !x
eeprom           0x0000000000810000 0x0000000000000400 rw !x
fuse             0x0000000000820000 0x0000000000000003 rw !x
lock             0x0000000000830000 0x0000000000000400 rw !x
signature        0x0000000000840000 0x0000000000000400 rw !x
user_signatures  0x0000000000850000 0x0000000000000400 rw !x
*default*        0x0000000000000000 0xffffffffffffffff

Linker script and memory map

Address of section .data set to 0x800100
LOAD /usr/lib/gcc/avr/11.2.0/../../../../avr/lib/avr5/crtatmega324pa.o
LOAD etat.o
LOAD /usr/lib/gcc/avr/11.2.0/../../../../avr/lib/avr5/libm.a
LOAD ../lib/libstatic.a
START GROUP
LOAD /usr/lib/gcc/avr/11.2.0/avr5/libgcc.a
LOAD /usr/lib/gcc/avr/11.2.0/../../../../avr/lib/avr5/libm.a
LOAD /usr/lib/gcc/avr/11.2.0/../../../../avr/lib/avr5/libc.a
LOAD /usr/lib/gcc/avr/11.2.0/../../../../avr/lib/avr5/libatmega324pa.a
END GROUP
                [0x0000000000008000]                __TEXT_REGION_LENGTH__ = DEFINED (__TEXT_REGION_LENGTH__)?__TEXT_REGION_LENGTH__:0x20000
                [0x0000000000000800]                __DATA_REGION_LENGTH__ = DEFINED (__DATA_REGION_LENGTH__)?__DATA_REGION_LENGTH__:0xffa0
                [0x0000000000000400]                __EEPROM_REGION_LENGTH__ = DEFINED (__EEPROM_REGION_LENGTH__)?__EEPROM_REGION_LENGTH__:0x10000
                [0x0000000000000003]                __FUSE_REGION_LENGTH__ = DEFINED (__FUSE_REGION_LENGTH__)?__FUSE_REGION_LENGTH__:0x400
                0x0000000000000400                __LOCK_REGION_LENGTH__ = DEFINED (__LOCK_REGION_LENGTH__)?__LOCK_REGION_LENGTH__:0x400
                0x0000000000000400                __SIGNATURE_REGION_LENGTH__ = DEFINED (__SIGNATURE_REGION_LENGTH__)?__SIGNATURE_REGION_LENGTH__:0x400
                0x0000000000000400                __USER_SIGNATURE_REGION_LENGTH__ = DEFINED (__USER_SIGNATURE_REGION_LENGTH__)?__USER_SIGNATURE_REGION_LENGTH__:0x400

.hash
 *(.hash)

.dynsym
 *(.dynsym)

.dynstr
 *(.dynstr)

.gnu.version
 *(.gnu.version)

.gnu.version_d
 *(.gnu.version_d)

.gnu.version_r
 *(.gnu.version_r)

.rel.init
 *(.rel.init)

.rela.init
 *(.rela.init)

.rel.text
 *(.rel.text)
 *(.rel.text.*)
 *(.rel.gnu.linkonce.t*)

.rela.text
 *(.rela.text)
 *(.rela.text.*)
 *(.rela.gnu.linkonce.t*)

.rel.fini
 *(.rel.fini)

.rela.fini
 *(.rela.fini)

.rel.rodata
 *(.rel.rodata)
 *(.rel.rodata.*)
 *(.rel.gnu.linkonce.r*)

.rela.rodata
 *(.rela.rodata)
 *(.rela.rodata.*)
 *(.rela.gnu.linkonce.r*)

.rel.data
 *(.rel.data)
 *(.rel.data.*)
 *(.rel.gnu.linkonce.d*)

.rela.data
 *(.rela.data)
 *(.rela.data.*)
 *(.rela.gnu.linkonce.d*)

.rel.ctors
 *(.rel.ctors)

.rela.ctors
 *(.rela.ctors)

.rel.dtors
 *(.rel.dtors)

.rela.dtors
 *(.rela.dtors)

.rel.got
 *(.rel.got)

.rela.got
 *(.rela.got)

.rel.bss
 *(.rel.bss)

.rela.bss
 *(.rela.bss)

.rel.plt
 *(.rel.plt)

.rela.plt
 *(.rela.plt)

.text           0x0000000000000000     0x253a
 *(.vectors)
 .vectors       0x0000000000000000       0x7c /usr/lib/gcc/avr/11.2.0/../../../../avr/lib/avr5/crtatmega324pa.o
                0x0000000000000000                __vectors
                0x0000000000000000                __vector_default
 *(.vectors)
 *(.progmem.gcc*)
                0x000000000000007c                . = ALIGN (0x2)
                0x000000000000007c                __trampolines_start = .
 *(.trampolines)
 .trampolines   0x000000000000007c        0x0 linker stubs
 *(.trampolines*)
                0x000000000000007c                __trampolines_end = .
 *libprintf_flt.a:*(.progmem.data)
 *libc.a:*(.progmem.data)
 *(.progmem.*)
                0x000000000000007c                . = ALIGN (0x2)
 *(.lowtext)
 *(.lowtext*)
                0x000000000000007c                __ctors_start = .
 *(.ctors)
                0x000000000000007c                __ctors_end = .
                0x000000000000007c                __dtors_start = .
 *(.dtors)
                0x000000000000007c                __dtors_end = .
 SORT_BY_NAME(*)(.ctors)
 SORT_BY_NAME(*)(.dtors)
 *(.init0)
 .init0         0x000000000000007c        0x0 /usr/lib/gcc/avr/11.2.0/../../../../avr/lib/avr5/crtatmega324pa.o
                0x000000000000007c                __init
 *(.init0)
 *(.init1)
 *(.init1)
 *(.init2)
 .init2         0x000000000000007c        0xc /usr/lib/gcc/avr/11.2.0/../../../../avr/lib/avr5/crtatmega324pa.o
 *(.init2)
 *(.init3)
 *(.init3)
 *(.init4)
 .init4         0x0000000000000088       0x16 /usr/lib/gcc/avr/11.2.0/avr5/libgcc.a(_copy_data.o)
                0x0000000000000088                __do_copy_data
 .init4         0x000000000000009e       0x10 /usr/lib/gcc/avr/11.2.0/avr5/libgcc.a(_clear_bss.o)
                0x000000000000009e                __do_clear_bss
 *(.init4)
 *(.init5)
 *(.init5)
 *(.init6)
 *(.init6)
 *(.init7)
 *(.init7)
 *(.init8)
 *(.init8)
 *(.init9)
 .init9         0x00000000000000ae        0x8 /usr/lib/gcc/avr/11.2.0/../../../../avr/lib/avr5/crtatmega324pa.o
 *(.init9)
 *(.text)
 .text          0x00000000000000b6        0x4 /usr/lib/gcc/avr/11.2.0/../../../../avr/lib/avr5/crtatmega324pa.o
                0x00000000000000b6                __vector_22
                0x00000000000000b6                __vector_28
                0x00000000000000b6                __vector_24
                0x00000000000000b6                __vector_12
                0x00000000000000b6                __bad_interrupt
                0x00000000000000b6                __vector_6
                0x00000000000000b6                __vector_3
                0x00000000000000b6                __vector_23
                0x00000000000000b6                __vector_30
                0x00000000000000b6                __vector_25
                0x00000000000000b6                __vector_11
                0x00000000000000b6                __vector_17
                0x00000000000000b6                __vector_19
                0x00000000000000b6                __vector_7
                0x00000000000000b6                __vector_27
                0x00000000000000b6                __vector_5
                0x00000000000000b6                __vector_4
                0x00000000000000b6                __vector_9
                0x00000000000000b6                __vector_2
                0x00000000000000b6                __vector_21
                0x00000000000000b6                __vector_15
                0x00000000000000b6                __vector_29
                0x00000000000000b6                __vector_8
                0x00000000000000b6                __vector_26
                0x00000000000000b6                __vector_14
                0x00000000000000b6                __vector_10
                0x00000000000000b6                __vector_16
                0x00000000000000b6                __vector_18
                0x00000000000000b6                __vector_20
 .text          0x00000000000000ba        0x0 etat.o
 .text          0x00000000000000ba      0x6f0 ../lib/libstatic.a(robot2.o)
                0x00000000000000ba                _ZN6Robot214initialisationEv
                0x00000000000000d4                __vector_1
                0x0000000000000156                _ZN6Robot2C1Ev
                0x0000000000000156                _ZN6Robot2C2Ev
                0x000000000000019a                _ZN6Robot214estBlancAppuyeEv
                0x00000000000001be                _ZN6Robot214envoyerDonneesEv
                0x0000000000000212                _ZN6Robot216changerEnTensionEv
                0x00000000000002b8                _ZN6Robot26teste2Ev
                0x000000000000038c                _ZN6Robot214changerAttenteEv
                0x000000000000042a                _ZN6Robot26testerEv
                0x00000000000006c8                _ZN6Robot220changerMiseAJourEtatEv
                0x00000000000007a2                _ZN6Robot211changerEtatE10EtatRobot2
 .text          0x00000000000007aa       0x9a ../lib/libstatic.a(RS232.o)
                0x00000000000007aa                _ZN5Rs23212transmissionEh
                0x00000000000007b8                _ZN5Rs232C1Ev
                0x00000000000007b8                _ZN5Rs232C2Ev
                0x00000000000007d8                _ZN5Rs23216transmissionCharEPKc
                0x0000000000000818                _ZN5Rs2328recevoirEv
                0x0000000000000826                _ZN5Rs23213creerInstanceEv
                0x0000000000000842                _ZN5Rs23215initialiserUARTEv
 .text          0x0000000000000844      0x14a ../lib/libstatic.a(Son.o)
                0x0000000000000844                _ZN3SonC2EPVhS1_hh
                0x0000000000000844                _ZN3SonC1EPVhS1_hh
                0x0000000000000880                _ZN3SonC2Ev
                0x0000000000000880                _ZN3SonC1Ev
                0x0000000000000898                _ZN3Son5jouerEv
                0x00000000000008cc                _ZN3Son8pauseSonEv
                0x0000000000000906                _ZN3Son15emettreSonGraveEv
                0x000000000000094e                _ZN3Son14emettreSonAiguEv
 .text          0x000000000000098e      0x83c ../lib/libstatic.a(deplacement.o)
                0x000000000000098e                _ZN11DeplacementC1Ev
                0x000000000000098e                _ZN11DeplacementC2Ev
                0x0000000000000a06                _ZN11Deplacement14debloquerRouesEv
                0x0000000000000a34                _ZN11Deplacement13tournerGaucheEv
                0x0000000000000b04                _ZN11Deplacement19repositionnerDroiteEv
                0x0000000000000b40                _ZN11Deplacement19repositionnerGaucheEv
                0x0000000000000b7c                _ZN11Deplacement11tournerVideEv
                0x0000000000000bf8                _ZN11Deplacement13tournerQuatreEv
                0x0000000000000c7a                _ZN11Deplacement14tournerSixHuitEv
                0x0000000000000e32                _ZN11Deplacement14tournerSegmentEv
                0x0000000000000f10                _ZN11Deplacement13tournerDroiteEv
                0x000000000000111a                _ZN11Deplacement14suivreParcoursEv
 .text          0x00000000000011ca      0x86e ../lib/libstatic.a(Drawing.o)
                0x00000000000011ca                _ZN4DrawC1Ev
                0x00000000000011ca                _ZN4DrawC2Ev
                0x00000000000011dc                _ZN4Draw8drawBox2EiiPhS0_S0_S0_b
                0x0000000000001866                _ZN4Draw14printSignatureEv
                0x00000000000018fe                _ZN4Draw4drawEPhS0_S0_S0_b
 .text          0x0000000000001a38       0xd8 ../lib/libstatic.a(Envoie.o)
                0x0000000000001a38                _ZN6EnvoieC1Ev
                0x0000000000001a38                _ZN6EnvoieC2Ev
                0x0000000000001a3e                _ZN6Envoie14envoyerTableauEPh
 .text          0x0000000000001b10      0x11c ../lib/libstatic.a(led.o)
                0x0000000000001b10                _ZN3LedC2Ev
                0x0000000000001b10                _ZN3LedC1Ev
                0x0000000000001b26                _ZN3LedC1EPVhS1_hh
                0x0000000000001b26                _ZN3LedC2EPVhS1_hh
                0x0000000000001b62                _ZN3Led12allumerRougeEv
                0x0000000000001b96                _ZN3Led11allumerVertEv
                0x0000000000001bca                _ZN3Led12allumerAmbreEv
                0x0000000000001bfc                _ZN3Led6fermerEv
 .text          0x0000000000001c2c       0xe4 ../lib/libstatic.a(Makerline.o)
                0x0000000000001c2c                _ZN9MakerlineC1Ev
                0x0000000000001c2c                _ZN9MakerlineC2Ev
                0x0000000000001c34                _ZN9Makerline15estMilieuGaucheEv
                0x0000000000001c3e                _ZN9Makerline15estMilieuDroiteEv
                0x0000000000001c48                _ZN9Makerline9estGaucheEv
                0x0000000000001c52                _ZN9Makerline9estDroiteEv
                0x0000000000001c5c                _ZN9Makerline14estLigneCentreEv
                0x0000000000001c64                _ZN9Makerline11estSurLigneEv
                0x0000000000001c82                _ZN9Makerline15estTourneDroiteEv
                0x0000000000001c9c                _ZN9Makerline15estTourneGaucheEv
                0x0000000000001cb6                _ZN9Makerline12etatCapteursEv
 .text          0x0000000000001d10      0x35e ../lib/libstatic.a(memoire_24.o)
                0x0000000000001d10                _ZN13Memoire24CXXXD2Ev
                0x0000000000001d10                _ZN13Memoire24CXXXD1Ev
                0x0000000000001d12                _ZN13Memoire24CXXX4initEv
                0x0000000000001d24                _ZN13Memoire24CXXXC2Ev
                0x0000000000001d24                _ZN13Memoire24CXXXC1Ev
                0x0000000000001d30                _ZN13Memoire24CXXX12choisir_bancEh
                0x0000000000001d46                _ZN13Memoire24CXXX7lectureEjPh
                0x0000000000001e08                _ZN13Memoire24CXXX7lectureEjPhh
                0x0000000000001ed2                _ZN13Memoire24CXXX8ecritureEjh
                0x0000000000001f62                _ZN13Memoire24CXXX11ecrire_pageEjPhh
                0x0000000000002024                _ZN13Memoire24CXXX8ecritureEjPhh
 .text          0x000000000000206e      0x16c ../lib/libstatic.a(moteur.o)
                0x000000000000206e                _ZN6MoteurC2E8TimerPwm
                0x000000000000206e                _ZN6MoteurC1E8TimerPwm
                0x00000000000020aa                _ZN6Moteur13creerInstanceE8TimerPwm
                0x0000000000002122                _ZN6Moteur7avancerEhh
                0x000000000000214e                _ZN6Moteur7reculerEhh
                0x000000000000217a                _ZN6Moteur13tournerDroiteEhh
                0x00000000000021a6                _ZN6Moteur13tournerGaucheEhh
                0x00000000000021d2                _ZN6Moteur7arreterEv
 .text          0x00000000000021da      0x122 ../lib/libstatic.a(SircProtocol.o)
                0x00000000000021da                _ZN12SircProtocol18initializeProtocolEv
                0x00000000000021f2                _ZN12SircProtocol18initializeReceptorEv
                0x00000000000021f6                _ZN12SircProtocol19readSignalReceptionEv
                0x00000000000021fe                _ZN12SircProtocol6turnOnEv
                0x0000000000002202                _ZN12SircProtocol7turnOffEv
                0x000000000000221a                _ZN12SircProtocol8startBitEv
                0x000000000000224c                _ZN12SircProtocol12transmitDataEj
                0x00000000000022b2                _ZN12SircProtocol19initializeInterruptEv
                0x00000000000022c6                _ZN12SircProtocol10startTimerEv
                0x00000000000022da                _ZN12SircProtocol8endTimerEv
                0x00000000000022f4                _ZN12SircProtocol7getTimeEv
 .text          0x00000000000022fc      0x132 ../lib/libstatic.a(timerPwm.o)
                0x00000000000022fc                _ZN8TimerPwmC2Ev
                0x00000000000022fc                _ZN8TimerPwmC1Ev
                0x0000000000002330                _ZN8TimerPwmC1EPVhhhhh
                0x0000000000002330                _ZN8TimerPwmC2EPVhhhhh
                0x0000000000002396                _ZN8TimerPwm17initialiserSortieEhh
                0x00000000000023fe                _ZN8TimerPwm10ajusterPwmEhh
 .text          0x000000000000242e       0x92 ../lib/libstatic.a(chronometre.o)
                0x000000000000242e                _ZN11ChronometreC2Ev
                0x000000000000242e                _ZN11ChronometreC1Ev
                0x0000000000002430                _ZN11Chronometre15initChronometreEv
                0x000000000000246a                _ZN11Chronometre20commencerChronometreEv
                0x0000000000002486                _ZN11Chronometre18arreterChronometreEv
                0x0000000000002492                _ZN11Chronometre18obtenirTempsEcouleEv
                0x000000000000249c                __vector_13
 .text          0x00000000000024c0        0x0 /usr/lib/gcc/avr/11.2.0/avr5/libgcc.a(_divmodhi4.o)
 .text          0x00000000000024c0        0x0 /usr/lib/gcc/avr/11.2.0/avr5/libgcc.a(_exit.o)
 .text          0x00000000000024c0        0x0 /usr/lib/gcc/avr/11.2.0/avr5/libgcc.a(_copy_data.o)
 .text          0x00000000000024c0        0x0 /usr/lib/gcc/avr/11.2.0/avr5/libgcc.a(_clear_bss.o)
 .text          0x00000000000024c0        0x0 /usr/lib/gcc/avr/11.2.0/avr5/libgcc.a(_udivmodhi4.o)
                0x00000000000024c0                . = ALIGN (0x2)
 *(.text.*)
 .text.startup  0x00000000000024c0       0x26 etat.o
                0x00000000000024c0                main
 .text.unlikely
                0x00000000000024e6        0x0 ../lib/libstatic.a(SircProtocol.o)
                0x00000000000024e6                _ZN12SircProtocol11receiveDataEv
 .text.libgcc.mul
                0x00000000000024e6        0x0 /usr/lib/gcc/avr/11.2.0/avr5/libgcc.a(_divmodhi4.o)
 .text.libgcc.div
                0x00000000000024e6       0x28 /usr/lib/gcc/avr/11.2.0/avr5/libgcc.a(_divmodhi4.o)
                0x00000000000024e6                __divmodhi4
                0x00000000000024e6                _div
 .text.libgcc   0x000000000000250e        0x0 /usr/lib/gcc/avr/11.2.0/avr5/libgcc.a(_divmodhi4.o)
 .text.libgcc.prologue
                0x000000000000250e        0x0 /usr/lib/gcc/avr/11.2.0/avr5/libgcc.a(_divmodhi4.o)
 .text.libgcc.builtins
                0x000000000000250e        0x0 /usr/lib/gcc/avr/11.2.0/avr5/libgcc.a(_divmodhi4.o)
 .text.libgcc.fmul
                0x000000000000250e        0x0 /usr/lib/gcc/avr/11.2.0/avr5/libgcc.a(_divmodhi4.o)
 .text.libgcc.fixed
                0x000000000000250e        0x0 /usr/lib/gcc/avr/11.2.0/avr5/libgcc.a(_divmodhi4.o)
 .text.libgcc.mul
                0x000000000000250e        0x0 /usr/lib/gcc/avr/11.2.0/avr5/libgcc.a(_exit.o)
 .text.libgcc.div
                0x000000000000250e        0x0 /usr/lib/gcc/avr/11.2.0/avr5/libgcc.a(_exit.o)
 .text.libgcc   0x000000000000250e        0x0 /usr/lib/gcc/avr/11.2.0/avr5/libgcc.a(_exit.o)
 .text.libgcc.prologue
                0x000000000000250e        0x0 /usr/lib/gcc/avr/11.2.0/avr5/libgcc.a(_exit.o)
 .text.libgcc.builtins
                0x000000000000250e        0x0 /usr/lib/gcc/avr/11.2.0/avr5/libgcc.a(_exit.o)
 .text.libgcc.fmul
                0x000000000000250e        0x0 /usr/lib/gcc/avr/11.2.0/avr5/libgcc.a(_exit.o)
 .text.libgcc.fixed
                0x000000000000250e        0x0 /usr/lib/gcc/avr/11.2.0/avr5/libgcc.a(_exit.o)
 .text.libgcc.mul
                0x000000000000250e        0x0 /usr/lib/gcc/avr/11.2.0/avr5/libgcc.a(_copy_data.o)
 .text.libgcc.div
                0x000000000000250e        0x0 /usr/lib/gcc/avr/11.2.0/avr5/libgcc.a(_copy_data.o)
 .text.libgcc   0x000000000000250e        0x0 /usr/lib/gcc/avr/11.2.0/avr5/libgcc.a(_copy_data.o)
 .text.libgcc.prologue
                0x000000000000250e        0x0 /usr/lib/gcc/avr/11.2.0/avr5/libgcc.a(_copy_data.o)
 .text.libgcc.builtins
                0x000000000000250e        0x0 /usr/lib/gcc/avr/11.2.0/avr5/libgcc.a(_copy_data.o)
 .text.libgcc.fmul
                0x000000000000250e        0x0 /usr/lib/gcc/avr/11.2.0/avr5/libgcc.a(_copy_data.o)
 .text.libgcc.fixed
                0x000000000000250e        0x0 /usr/lib/gcc/avr/11.2.0/avr5/libgcc.a(_copy_data.o)
 .text.libgcc.mul
                0x000000000000250e        0x0 /usr/lib/gcc/avr/11.2.0/avr5/libgcc.a(_clear_bss.o)
 .text.libgcc.div
                0x000000000000250e        0x0 /usr/lib/gcc/avr/11.2.0/avr5/libgcc.a(_clear_bss.o)
 .text.libgcc   0x000000000000250e        0x0 /usr/lib/gcc/avr/11.2.0/avr5/libgcc.a(_clear_bss.o)
 .text.libgcc.prologue
                0x000000000000250e        0x0 /usr/lib/gcc/avr/11.2.0/avr5/libgcc.a(_clear_bss.o)
 .text.libgcc.builtins
                0x000000000000250e        0x0 /usr/lib/gcc/avr/11.2.0/avr5/libgcc.a(_clear_bss.o)
 .text.libgcc.fmul
                0x000000000000250e        0x0 /usr/lib/gcc/avr/11.2.0/avr5/libgcc.a(_clear_bss.o)
 .text.libgcc.fixed
                0x000000000000250e        0x0 /usr/lib/gcc/avr/11.2.0/avr5/libgcc.a(_clear_bss.o)
 .text.libgcc.mul
                0x000000000000250e        0x0 /usr/lib/gcc/avr/11.2.0/avr5/libgcc.a(_udivmodhi4.o)
 .text.libgcc.div
                0x000000000000250e       0x28 /usr/lib/gcc/avr/11.2.0/avr5/libgcc.a(_udivmodhi4.o)
                0x000000000000250e                __udivmodhi4
 .text.libgcc   0x0000000000002536        0x0 /usr/lib/gcc/avr/11.2.0/avr5/libgcc.a(_udivmodhi4.o)
 .text.libgcc.prologue
                0x0000000000002536        0x0 /usr/lib/gcc/avr/11.2.0/avr5/libgcc.a(_udivmodhi4.o)
 .text.libgcc.builtins
                0x0000000000002536        0x0 /usr/lib/gcc/avr/11.2.0/avr5/libgcc.a(_udivmodhi4.o)
 .text.libgcc.fmul
                0x0000000000002536        0x0 /usr/lib/gcc/avr/11.2.0/avr5/libgcc.a(_udivmodhi4.o)
 .text.libgcc.fixed
                0x0000000000002536        0x0 /usr/lib/gcc/avr/11.2.0/avr5/libgcc.a(_udivmodhi4.o)
                0x0000000000002536                . = ALIGN (0x2)
 *(.fini9)
 .fini9         0x0000000000002536        0x0 /usr/lib/gcc/avr/11.2.0/avr5/libgcc.a(_exit.o)
                0x0000000000002536                exit
                0x0000000000002536                _exit
 *(.fini9)
 *(.fini8)
 *(.fini8)
 *(.fini7)
 *(.fini7)
 *(.fini6)
 *(.fini6)
 *(.fini5)
 *(.fini5)
 *(.fini4)
 *(.fini4)
 *(.fini3)
 *(.fini3)
 *(.fini2)
 *(.fini2)
 *(.fini1)
 *(.fini1)
 *(.fini0)
 .fini0         0x0000000000002536        0x4 /usr/lib/gcc/avr/11.2.0/avr5/libgcc.a(_exit.o)
 *(.fini0)
 *(.hightext)
 *(.hightext*)
 *(.progmemx.*)
                0x000000000000253a                . = ALIGN (0x2)
 *(.jumptables)
 *(.jumptables*)
                0x000000000000253a                _etext = .

.data           0x0000000000800100       0xb8 load address 0x000000000000253a
                0x0000000000800100                PROVIDE (__data_start = .)
 *(.data)
 .data          0x0000000000800100        0x0 /usr/lib/gcc/avr/11.2.0/../../../../avr/lib/avr5/crtatmega324pa.o
 .data          0x0000000000800100        0x0 etat.o
 .data          0x0000000000800100        0x1 ../lib/libstatic.a(robot2.o)
                0x0000000000800100                _ZN6Robot212estEnAttenteE
 .data          0x0000000000800101        0x0 ../lib/libstatic.a(RS232.o)
 .data          0x0000000000800101        0x0 ../lib/libstatic.a(Son.o)
 .data          0x0000000000800101        0x0 ../lib/libstatic.a(deplacement.o)
 .data          0x0000000000800101        0x0 ../lib/libstatic.a(Drawing.o)
 .data          0x0000000000800101        0x0 ../lib/libstatic.a(Envoie.o)
 .data          0x0000000000800101        0x0 ../lib/libstatic.a(led.o)
 .data          0x0000000000800101        0x0 ../lib/libstatic.a(Makerline.o)
 .data          0x0000000000800101        0x1 ../lib/libstatic.a(memoire_24.o)
                0x0000000000800101                _ZN13Memoire24CXXX22m_adresse_peripheriqueE
 .data          0x0000000000800102        0x0 ../lib/libstatic.a(moteur.o)
 .data          0x0000000000800102        0x0 ../lib/libstatic.a(SircProtocol.o)
 .data          0x0000000000800102        0x0 ../lib/libstatic.a(timerPwm.o)
 .data          0x0000000000800102        0x0 ../lib/libstatic.a(chronometre.o)
 .data          0x0000000000800102        0x0 /usr/lib/gcc/avr/11.2.0/avr5/libgcc.a(_divmodhi4.o)
 .data          0x0000000000800102        0x0 /usr/lib/gcc/avr/11.2.0/avr5/libgcc.a(_exit.o)
 .data          0x0000000000800102        0x0 /usr/lib/gcc/avr/11.2.0/avr5/libgcc.a(_copy_data.o)
 .data          0x0000000000800102        0x0 /usr/lib/gcc/avr/11.2.0/avr5/libgcc.a(_clear_bss.o)
 .data          0x0000000000800102        0x0 /usr/lib/gcc/avr/11.2.0/avr5/libgcc.a(_udivmodhi4.o)
 *(.data*)
 *(.gnu.linkonce.d*)
 *(.rodata)
 .rodata        0x0000000000800102       0x36 ../lib/libstatic.a(Drawing.o)
 *(.rodata*)
 .rodata.str1.1
                0x0000000000800138       0x7f ../lib/libstatic.a(Drawing.o)
 *(.gnu.linkonce.r*)
                0x00000000008001b8                . = ALIGN (0x2)
 *fill*         0x00000000008001b7        0x1 
                0x00000000008001b8                _edata = .
                0x00000000008001b8                PROVIDE (__data_end = .)

.bss            0x00000000008001b8        0x4
                0x00000000008001b8                PROVIDE (__bss_start = .)
 *(.bss)
 .bss           0x00000000008001b8        0x0 /usr/lib/gcc/avr/11.2.0/../../../../avr/lib/avr5/crtatmega324pa.o
 .bss           0x00000000008001b8        0x0 etat.o
 .bss           0x00000000008001b8        0x2 ../lib/libstatic.a(robot2.o)
                0x00000000008001b8                _ZN6Robot214estEnvoieRS232E
                0x00000000008001b9                _ZN6Robot211estEnvoieIRE
 .bss           0x00000000008001ba        0x0 ../lib/libstatic.a(RS232.o)
 .bss           0x00000000008001ba        0x0 ../lib/libstatic.a(Son.o)
 .bss           0x00000000008001ba        0x0 ../lib/libstatic.a(deplacement.o)
 .bss           0x00000000008001ba        0x0 ../lib/libstatic.a(Drawing.o)
 .bss           0x00000000008001ba        0x0 ../lib/libstatic.a(Envoie.o)
 .bss           0x00000000008001ba        0x0 ../lib/libstatic.a(led.o)
 .bss           0x00000000008001ba        0x0 ../lib/libstatic.a(Makerline.o)
 .bss           0x00000000008001ba        0x0 ../lib/libstatic.a(memoire_24.o)
 .bss           0x00000000008001ba        0x0 ../lib/libstatic.a(moteur.o)
 .bss           0x00000000008001ba        0x0 ../lib/libstatic.a(SircProtocol.o)
 .bss           0x00000000008001ba        0x0 ../lib/libstatic.a(timerPwm.o)
 .bss           0x00000000008001ba        0x2 ../lib/libstatic.a(chronometre.o)
                0x00000000008001ba                _ZN11Chronometre11tempsEcouleE
 .bss           0x00000000008001bc        0x0 /usr/lib/gcc/avr/11.2.0/avr5/libgcc.a(_divmodhi4.o)
 .bss           0x00000000008001bc        0x0 /usr/lib/gcc/avr/11.2.0/avr5/libgcc.a(_exit.o)
 .bss           0x00000000008001bc        0x0 /usr/lib/gcc/avr/11.2.0/avr5/libgcc.a(_copy_data.o)
 .bss           0x00000000008001bc        0x0 /usr/lib/gcc/avr/11.2.0/avr5/libgcc.a(_clear_bss.o)
 .bss           0x00000000008001bc        0x0 /usr/lib/gcc/avr/11.2.0/avr5/libgcc.a(_udivmodhi4.o)
 *(.bss*)
 *(COMMON)
                0x00000000008001bc                PROVIDE (__bss_end = .)
                0x000000000000253a                __data_load_start = LOADADDR (.data)
                0x00000000000025f2                __data_load_end = (__data_load_start + SIZEOF (.data))

.noinit         0x00000000008001bc        0x0
                [!provide]                        PROVIDE (__noinit_start = .)
 *(.noinit .noinit.* .gnu.linkonce.n.*)
                [!provide]                        PROVIDE (__noinit_end = .)
                0x00000000008001bc                _end = .
                [!provide]                        PROVIDE (__heap_start = .)

.eeprom         0x0000000000810000        0x0
 *(.eeprom*)
                0x0000000000810000                __eeprom_end = .

.fuse
 *(.fuse)
 *(.lfuse)
 *(.hfuse)
 *(.efuse)

.lock
 *(.lock*)

.signature
 *(.signature*)

.stab           0x0000000000000000     0x624c
 *(.stab)
 .stab          0x0000000000000000      0x1b0 etat.o
 .stab          0x00000000000001b0     0x11c4 ../lib/libstatic.a(robot2.o)
                                       0x11d0 (size before relaxing)
 .stab          0x0000000000001374      0x2a0 ../lib/libstatic.a(RS232.o)
                                        0x2ac (size before relaxing)
 .stab          0x0000000000001614      0x474 ../lib/libstatic.a(Son.o)
                                        0x480 (size before relaxing)
 .stab          0x0000000000001a88     0x1044 ../lib/libstatic.a(deplacement.o)
                                       0x1050 (size before relaxing)
 .stab          0x0000000000002acc      0xfd8 ../lib/libstatic.a(Drawing.o)
                                        0xfe4 (size before relaxing)
 .stab          0x0000000000003aa4      0x300 ../lib/libstatic.a(Envoie.o)
                                        0x30c (size before relaxing)
 .stab          0x0000000000003da4      0x444 ../lib/libstatic.a(led.o)
                                        0x450 (size before relaxing)
 .stab          0x00000000000041e8      0x4b0 ../lib/libstatic.a(Makerline.o)
                                        0x4bc (size before relaxing)
 .stab          0x0000000000004698      0xc18 ../lib/libstatic.a(memoire_24.o)
                                        0xc24 (size before relaxing)
 .stab          0x00000000000052b0      0x324 ../lib/libstatic.a(moteur.o)
                                        0x330 (size before relaxing)
 .stab          0x00000000000055d4      0x588 ../lib/libstatic.a(SircProtocol.o)
                                        0x594 (size before relaxing)
 .stab          0x0000000000005b5c      0x474 ../lib/libstatic.a(timerPwm.o)
                                        0x480 (size before relaxing)
 .stab          0x0000000000005fd0      0x27c ../lib/libstatic.a(chronometre.o)
                                        0x288 (size before relaxing)

.stabstr        0x0000000000000000     0xd92e
 *(.stabstr)
 .stabstr       0x0000000000000000     0xd92e etat.o

.stab.excl
 *(.stab.excl)

.stab.exclstr
 *(.stab.exclstr)

.stab.index
 *(.stab.index)

.stab.indexstr
 *(.stab.indexstr)

.comment        0x0000000000000000       0x23
 *(.comment)
 .comment       0x0000000000000000       0x23 etat.o
                                         0x24 (size before relaxing)
 .comment       0x0000000000000023       0x24 ../lib/libstatic.a(robot2.o)
 .comment       0x0000000000000023       0x24 ../lib/libstatic.a(RS232.o)
 .comment       0x0000000000000023       0x24 ../lib/libstatic.a(Son.o)
 .comment       0x0000000000000023       0x24 ../lib/libstatic.a(deplacement.o)
 .comment       0x0000000000000023       0x24 ../lib/libstatic.a(Drawing.o)
 .comment       0x0000000000000023       0x24 ../lib/libstatic.a(Envoie.o)
 .comment       0x0000000000000023       0x24 ../lib/libstatic.a(led.o)
 .comment       0x0000000000000023       0x24 ../lib/libstatic.a(Makerline.o)
 .comment       0x0000000000000023       0x24 ../lib/libstatic.a(memoire_24.o)
 .comment       0x0000000000000023       0x24 ../lib/libstatic.a(moteur.o)
 .comment       0x0000000000000023       0x24 ../lib/libstatic.a(SircProtocol.o)
 .comment       0x0000000000000023       0x24 ../lib/libstatic.a(timerPwm.o)
 .comment       0x0000000000000023       0x24 ../lib/libstatic.a(chronometre.o)

.note.gnu.avr.deviceinfo
                0x0000000000000000       0x40
 .note.gnu.avr.deviceinfo
                0x0000000000000000       0x40 /usr/lib/gcc/avr/11.2.0/../../../../avr/lib/avr5/crtatmega324pa.o

.note.gnu.build-id
 *(.note.gnu.build-id)

.debug
 *(.debug)

.line
 *(.line)

.debug_srcinfo
 *(.debug_srcinfo)

.debug_sfnames
 *(.debug_sfnames)

.debug_aranges
 *(.debug_aranges)

.debug_pubnames
 *(.debug_pubnames)

.debug_info     0x0000000000000000      0x6cc
 *(.debug_info .gnu.linkonce.wi.*)
 .debug_info    0x0000000000000000      0x6cc /usr/lib/gcc/avr/11.2.0/../../../../avr/lib/avr5/crtatmega324pa.o

.debug_abbrev   0x0000000000000000      0x66e
 *(.debug_abbrev)
 .debug_abbrev  0x0000000000000000      0x66e /usr/lib/gcc/avr/11.2.0/../../../../avr/lib/avr5/crtatmega324pa.o

.debug_line     0x0000000000000000       0x1d
 *(.debug_line .debug_line.* .debug_line_end)
 .debug_line    0x0000000000000000       0x1d /usr/lib/gcc/avr/11.2.0/../../../../avr/lib/avr5/crtatmega324pa.o

.debug_frame
 *(.debug_frame)

.debug_str      0x0000000000000000      0x255
 *(.debug_str)
 .debug_str     0x0000000000000000      0x255 /usr/lib/gcc/avr/11.2.0/../../../../avr/lib/avr5/crtatmega324pa.o

.debug_loc
 *(.debug_loc)

.debug_macinfo
 *(.debug_macinfo)

.debug_weaknames
 *(.debug_weaknames)

.debug_funcnames
 *(.debug_funcnames)

.debug_typenames
 *(.debug_typenames)

.debug_varnames
 *(.debug_varnames)

.debug_pubtypes
 *(.debug_pubtypes)

.debug_ranges
 *(.debug_ranges)

.debug_addr
 *(.debug_addr)

.debug_line_str
 *(.debug_line_str)

.debug_loclists
 *(.debug_loclists)

.debug_macro
 *(.debug_macro)

.debug_names
 *(.debug_names)

.debug_rnglists
 *(.debug_rnglists)

.debug_str_offsets
 *(.debug_str_offsets)

.debug_sup
 *(.debug_sup)
OUTPUT(etat.elf elf32-avr)
LOAD linker stubs
