Archive member included to satisfy reference by file (symbol)

../../lib/libstatic.a(Drawing.o)
                              infraRouge.o (_ZN4DrawC1Ev)
../../lib/libstatic.a(led.o)  infraRouge.o (_ZN3LedC1Ev)
../../lib/libstatic.a(memoire_24.o)
                              ../../lib/libstatic.a(Drawing.o) (_ZN13Memoire24CXXXD1Ev)
../../lib/libstatic.a(RS232.o)
                              infraRouge.o (_ZN5Rs23212transmissionEh)
../../lib/libstatic.a(SircProtocol.o)
                              infraRouge.o (_ZN12SircProtocol18initializeReceptorEv)
/usr/lib/gcc/avr/11.2.0/avr5/libgcc.a(_exit.o)
                              /usr/lib/gcc/avr/11.2.0/../../../../avr/lib/avr5/crtatmega324pa.o (exit)
/usr/lib/gcc/avr/11.2.0/avr5/libgcc.a(_copy_data.o)
                              ../../lib/libstatic.a(Drawing.o) (__do_copy_data)
/usr/lib/gcc/avr/11.2.0/avr5/libgcc.a(_clear_bss.o)
                              infraRouge.o (__do_clear_bss)
/usr/lib/gcc/avr/11.2.0/avr5/libgcc.a(_ctors.o)
                              infraRouge.o (__do_global_ctors)
/usr/lib/gcc/avr/11.2.0/avr5/libgcc.a(_tablejump2.o)
                              /usr/lib/gcc/avr/11.2.0/avr5/libgcc.a(_ctors.o) (__tablejump2__)

Memory Configuration

Name             Origin             Length             Attributes
text             0x0000000000000000 0x0000000000008000 xr
data             0x0000000000800060 0x0000000000000800 rw !x
eeprom           0x0000000000810000 0x0000000000000400 rw !x
fuse             0x0000000000820000 0x0000000000000003 rw !x
lock             0x0000000000830000 0x0000000000000400 rw !x
signature        0x0000000000840000 0x0000000000000400 rw !x
user_signatures  0x0000000000850000 0x0000000000000400 rw !x
*default*        0x0000000000000000 0xffffffffffffffff

Linker script and memory map

Address of section .data set to 0x800100
LOAD /usr/lib/gcc/avr/11.2.0/../../../../avr/lib/avr5/crtatmega324pa.o
LOAD infraRouge.o
LOAD /usr/lib/gcc/avr/11.2.0/../../../../avr/lib/avr5/libm.a
LOAD ../../lib/libstatic.a
START GROUP
LOAD /usr/lib/gcc/avr/11.2.0/avr5/libgcc.a
LOAD /usr/lib/gcc/avr/11.2.0/../../../../avr/lib/avr5/libm.a
LOAD /usr/lib/gcc/avr/11.2.0/../../../../avr/lib/avr5/libc.a
LOAD /usr/lib/gcc/avr/11.2.0/../../../../avr/lib/avr5/libatmega324pa.a
END GROUP
                [0x0000000000008000]                __TEXT_REGION_LENGTH__ = DEFINED (__TEXT_REGION_LENGTH__)?__TEXT_REGION_LENGTH__:0x20000
                [0x0000000000000800]                __DATA_REGION_LENGTH__ = DEFINED (__DATA_REGION_LENGTH__)?__DATA_REGION_LENGTH__:0xffa0
                [0x0000000000000400]                __EEPROM_REGION_LENGTH__ = DEFINED (__EEPROM_REGION_LENGTH__)?__EEPROM_REGION_LENGTH__:0x10000
                [0x0000000000000003]                __FUSE_REGION_LENGTH__ = DEFINED (__FUSE_REGION_LENGTH__)?__FUSE_REGION_LENGTH__:0x400
                0x0000000000000400                __LOCK_REGION_LENGTH__ = DEFINED (__LOCK_REGION_LENGTH__)?__LOCK_REGION_LENGTH__:0x400
                0x0000000000000400                __SIGNATURE_REGION_LENGTH__ = DEFINED (__SIGNATURE_REGION_LENGTH__)?__SIGNATURE_REGION_LENGTH__:0x400
                0x0000000000000400                __USER_SIGNATURE_REGION_LENGTH__ = DEFINED (__USER_SIGNATURE_REGION_LENGTH__)?__USER_SIGNATURE_REGION_LENGTH__:0x400

.hash
 *(.hash)

.dynsym
 *(.dynsym)

.dynstr
 *(.dynstr)

.gnu.version
 *(.gnu.version)

.gnu.version_d
 *(.gnu.version_d)

.gnu.version_r
 *(.gnu.version_r)

.rel.init
 *(.rel.init)

.rela.init
 *(.rela.init)

.rel.text
 *(.rel.text)
 *(.rel.text.*)
 *(.rel.gnu.linkonce.t*)

.rela.text
 *(.rela.text)
 *(.rela.text.*)
 *(.rela.gnu.linkonce.t*)

.rel.fini
 *(.rel.fini)

.rela.fini
 *(.rela.fini)

.rel.rodata
 *(.rel.rodata)
 *(.rel.rodata.*)
 *(.rel.gnu.linkonce.r*)

.rela.rodata
 *(.rela.rodata)
 *(.rela.rodata.*)
 *(.rela.gnu.linkonce.r*)

.rel.data
 *(.rel.data)
 *(.rel.data.*)
 *(.rel.gnu.linkonce.d*)

.rela.data
 *(.rela.data)
 *(.rela.data.*)
 *(.rela.gnu.linkonce.d*)

.rel.ctors
 *(.rel.ctors)

.rela.ctors
 *(.rela.ctors)

.rel.dtors
 *(.rel.dtors)

.rela.dtors
 *(.rela.dtors)

.rel.got
 *(.rel.got)

.rela.got
 *(.rela.got)

.rel.bss
 *(.rel.bss)

.rela.bss
 *(.rela.bss)

.rel.plt
 *(.rel.plt)

.rela.plt
 *(.rela.plt)

.text           0x0000000000000000     0x11a8
 *(.vectors)
 .vectors       0x0000000000000000       0x7c /usr/lib/gcc/avr/11.2.0/../../../../avr/lib/avr5/crtatmega324pa.o
                0x0000000000000000                __vectors
                0x0000000000000000                __vector_default
 *(.vectors)
 *(.progmem.gcc*)
                0x000000000000007c                . = ALIGN (0x2)
                0x000000000000007c                __trampolines_start = .
 *(.trampolines)
 .trampolines   0x000000000000007c        0x0 linker stubs
 *(.trampolines*)
                0x000000000000007c                __trampolines_end = .
 *libprintf_flt.a:*(.progmem.data)
 *libc.a:*(.progmem.data)
 *(.progmem.*)
                0x000000000000007c                . = ALIGN (0x2)
 *(.lowtext)
 *(.lowtext*)
                0x000000000000007c                __ctors_start = .
 *(.ctors)
 .ctors         0x000000000000007c        0x2 infraRouge.o
                0x000000000000007e                __ctors_end = .
                0x000000000000007e                __dtors_start = .
 *(.dtors)
                0x000000000000007e                __dtors_end = .
 SORT_BY_NAME(*)(.ctors)
 SORT_BY_NAME(*)(.dtors)
 *(.init0)
 .init0         0x000000000000007e        0x0 /usr/lib/gcc/avr/11.2.0/../../../../avr/lib/avr5/crtatmega324pa.o
                0x000000000000007e                __init
 *(.init0)
 *(.init1)
 *(.init1)
 *(.init2)
 .init2         0x000000000000007e        0xc /usr/lib/gcc/avr/11.2.0/../../../../avr/lib/avr5/crtatmega324pa.o
 *(.init2)
 *(.init3)
 *(.init3)
 *(.init4)
 .init4         0x000000000000008a       0x16 /usr/lib/gcc/avr/11.2.0/avr5/libgcc.a(_copy_data.o)
                0x000000000000008a                __do_copy_data
 .init4         0x00000000000000a0       0x10 /usr/lib/gcc/avr/11.2.0/avr5/libgcc.a(_clear_bss.o)
                0x00000000000000a0                __do_clear_bss
 *(.init4)
 *(.init5)
 *(.init5)
 *(.init6)
 .init6         0x00000000000000b0       0x16 /usr/lib/gcc/avr/11.2.0/avr5/libgcc.a(_ctors.o)
                0x00000000000000b0                __do_global_ctors
 *(.init6)
 *(.init7)
 *(.init7)
 *(.init8)
 *(.init8)
 *(.init9)
 .init9         0x00000000000000c6        0x8 /usr/lib/gcc/avr/11.2.0/../../../../avr/lib/avr5/crtatmega324pa.o
 *(.init9)
 *(.text)
 .text          0x00000000000000ce        0x4 /usr/lib/gcc/avr/11.2.0/../../../../avr/lib/avr5/crtatmega324pa.o
                0x00000000000000ce                __vector_22
                0x00000000000000ce                __vector_28
                0x00000000000000ce                __vector_1
                0x00000000000000ce                __vector_24
                0x00000000000000ce                __vector_12
                0x00000000000000ce                __bad_interrupt
                0x00000000000000ce                __vector_6
                0x00000000000000ce                __vector_3
                0x00000000000000ce                __vector_23
                0x00000000000000ce                __vector_30
                0x00000000000000ce                __vector_25
                0x00000000000000ce                __vector_11
                0x00000000000000ce                __vector_13
                0x00000000000000ce                __vector_17
                0x00000000000000ce                __vector_19
                0x00000000000000ce                __vector_7
                0x00000000000000ce                __vector_27
                0x00000000000000ce                __vector_5
                0x00000000000000ce                __vector_4
                0x00000000000000ce                __vector_9
                0x00000000000000ce                __vector_21
                0x00000000000000ce                __vector_15
                0x00000000000000ce                __vector_29
                0x00000000000000ce                __vector_8
                0x00000000000000ce                __vector_26
                0x00000000000000ce                __vector_14
                0x00000000000000ce                __vector_10
                0x00000000000000ce                __vector_16
                0x00000000000000ce                __vector_18
                0x00000000000000ce                __vector_20
 .text          0x00000000000000d2       0xdc infraRouge.o
                0x00000000000000d2                _Z15initializeTimerv
                0x00000000000000e6                _Z10startTimerv
                0x00000000000000f0                _Z8endTimerv
                0x0000000000000124                _Z11convertTimej
                0x000000000000012a                __vector_2
                0x0000000000000198                _Z9puissancehh
 .text          0x00000000000001ae      0x6d4 ../../lib/libstatic.a(Drawing.o)
                0x00000000000001ae                _ZN4DrawC1Ev
                0x00000000000001ae                _ZN4DrawC2Ev
                0x00000000000001c0                _ZN4Draw8drawBox2EiiPhS0_S0_S0_b
                0x0000000000000700                _ZN4Draw14printSignatureEv
                0x0000000000000798                _ZN4Draw4drawEPhS0_S0_S0_b
 .text          0x0000000000000882      0x11c ../../lib/libstatic.a(led.o)
                0x0000000000000882                _ZN3LedC2Ev
                0x0000000000000882                _ZN3LedC1Ev
                0x0000000000000898                _ZN3LedC1EPVhS1_hh
                0x0000000000000898                _ZN3LedC2EPVhS1_hh
                0x00000000000008d4                _ZN3Led12allumerRougeEv
                0x0000000000000908                _ZN3Led11allumerVertEv
                0x000000000000093c                _ZN3Led12allumerAmbreEv
                0x000000000000096e                _ZN3Led6fermerEv
 .text          0x000000000000099e      0x35e ../../lib/libstatic.a(memoire_24.o)
                0x000000000000099e                _ZN13Memoire24CXXXD2Ev
                0x000000000000099e                _ZN13Memoire24CXXXD1Ev
                0x00000000000009a0                _ZN13Memoire24CXXX4initEv
                0x00000000000009b2                _ZN13Memoire24CXXXC2Ev
                0x00000000000009b2                _ZN13Memoire24CXXXC1Ev
                0x00000000000009be                _ZN13Memoire24CXXX12choisir_bancEh
                0x00000000000009d4                _ZN13Memoire24CXXX7lectureEjPh
                0x0000000000000a96                _ZN13Memoire24CXXX7lectureEjPhh
                0x0000000000000b60                _ZN13Memoire24CXXX8ecritureEjh
                0x0000000000000bf0                _ZN13Memoire24CXXX11ecrire_pageEjPhh
                0x0000000000000cb2                _ZN13Memoire24CXXX8ecritureEjPhh
 .text          0x0000000000000cfc       0x9a ../../lib/libstatic.a(RS232.o)
                0x0000000000000cfc                _ZN5Rs23212transmissionEh
                0x0000000000000d0a                _ZN5Rs232C1Ev
                0x0000000000000d0a                _ZN5Rs232C2Ev
                0x0000000000000d2a                _ZN5Rs23216transmissionCharEPKc
                0x0000000000000d6a                _ZN5Rs2328recevoirEv
                0x0000000000000d78                _ZN5Rs23213creerInstanceEv
                0x0000000000000d94                _ZN5Rs23215initialiserUARTEv
 .text          0x0000000000000d96      0x122 ../../lib/libstatic.a(SircProtocol.o)
                0x0000000000000d96                _ZN12SircProtocol18initializeProtocolEv
                0x0000000000000dae                _ZN12SircProtocol18initializeReceptorEv
                0x0000000000000db2                _ZN12SircProtocol19readSignalReceptionEv
                0x0000000000000dba                _ZN12SircProtocol6turnOnEv
                0x0000000000000dbe                _ZN12SircProtocol7turnOffEv
                0x0000000000000dd6                _ZN12SircProtocol8startBitEv
                0x0000000000000e08                _ZN12SircProtocol12transmitDataEj
                0x0000000000000e6e                _ZN12SircProtocol19initializeInterruptEv
                0x0000000000000e82                _ZN12SircProtocol10startTimerEv
                0x0000000000000e96                _ZN12SircProtocol8endTimerEv
                0x0000000000000eb0                _ZN12SircProtocol7getTimeEv
 .text          0x0000000000000eb8        0x0 /usr/lib/gcc/avr/11.2.0/avr5/libgcc.a(_exit.o)
 .text          0x0000000000000eb8        0x0 /usr/lib/gcc/avr/11.2.0/avr5/libgcc.a(_copy_data.o)
 .text          0x0000000000000eb8        0x0 /usr/lib/gcc/avr/11.2.0/avr5/libgcc.a(_clear_bss.o)
 .text          0x0000000000000eb8        0x0 /usr/lib/gcc/avr/11.2.0/avr5/libgcc.a(_ctors.o)
 .text          0x0000000000000eb8        0x0 /usr/lib/gcc/avr/11.2.0/avr5/libgcc.a(_tablejump2.o)
                0x0000000000000eb8                . = ALIGN (0x2)
 *(.text.*)
 .text.startup  0x0000000000000eb8      0x2e0 infraRouge.o
                0x0000000000000eb8                main
 .text.unlikely
                0x0000000000001198        0x0 ../../lib/libstatic.a(SircProtocol.o)
                0x0000000000001198                _ZN12SircProtocol11receiveDataEv
 .text.libgcc.mul
                0x0000000000001198        0x0 /usr/lib/gcc/avr/11.2.0/avr5/libgcc.a(_exit.o)
 .text.libgcc.div
                0x0000000000001198        0x0 /usr/lib/gcc/avr/11.2.0/avr5/libgcc.a(_exit.o)
 .text.libgcc   0x0000000000001198        0x0 /usr/lib/gcc/avr/11.2.0/avr5/libgcc.a(_exit.o)
 .text.libgcc.prologue
                0x0000000000001198        0x0 /usr/lib/gcc/avr/11.2.0/avr5/libgcc.a(_exit.o)
 .text.libgcc.builtins
                0x0000000000001198        0x0 /usr/lib/gcc/avr/11.2.0/avr5/libgcc.a(_exit.o)
 .text.libgcc.fmul
                0x0000000000001198        0x0 /usr/lib/gcc/avr/11.2.0/avr5/libgcc.a(_exit.o)
 .text.libgcc.fixed
                0x0000000000001198        0x0 /usr/lib/gcc/avr/11.2.0/avr5/libgcc.a(_exit.o)
 .text.libgcc.mul
                0x0000000000001198        0x0 /usr/lib/gcc/avr/11.2.0/avr5/libgcc.a(_copy_data.o)
 .text.libgcc.div
                0x0000000000001198        0x0 /usr/lib/gcc/avr/11.2.0/avr5/libgcc.a(_copy_data.o)
 .text.libgcc   0x0000000000001198        0x0 /usr/lib/gcc/avr/11.2.0/avr5/libgcc.a(_copy_data.o)
 .text.libgcc.prologue
                0x0000000000001198        0x0 /usr/lib/gcc/avr/11.2.0/avr5/libgcc.a(_copy_data.o)
 .text.libgcc.builtins
                0x0000000000001198        0x0 /usr/lib/gcc/avr/11.2.0/avr5/libgcc.a(_copy_data.o)
 .text.libgcc.fmul
                0x0000000000001198        0x0 /usr/lib/gcc/avr/11.2.0/avr5/libgcc.a(_copy_data.o)
 .text.libgcc.fixed
                0x0000000000001198        0x0 /usr/lib/gcc/avr/11.2.0/avr5/libgcc.a(_copy_data.o)
 .text.libgcc.mul
                0x0000000000001198        0x0 /usr/lib/gcc/avr/11.2.0/avr5/libgcc.a(_clear_bss.o)
 .text.libgcc.div
                0x0000000000001198        0x0 /usr/lib/gcc/avr/11.2.0/avr5/libgcc.a(_clear_bss.o)
 .text.libgcc   0x0000000000001198        0x0 /usr/lib/gcc/avr/11.2.0/avr5/libgcc.a(_clear_bss.o)
 .text.libgcc.prologue
                0x0000000000001198        0x0 /usr/lib/gcc/avr/11.2.0/avr5/libgcc.a(_clear_bss.o)
 .text.libgcc.builtins
                0x0000000000001198        0x0 /usr/lib/gcc/avr/11.2.0/avr5/libgcc.a(_clear_bss.o)
 .text.libgcc.fmul
                0x0000000000001198        0x0 /usr/lib/gcc/avr/11.2.0/avr5/libgcc.a(_clear_bss.o)
 .text.libgcc.fixed
                0x0000000000001198        0x0 /usr/lib/gcc/avr/11.2.0/avr5/libgcc.a(_clear_bss.o)
 .text.libgcc.mul
                0x0000000000001198        0x0 /usr/lib/gcc/avr/11.2.0/avr5/libgcc.a(_ctors.o)
 .text.libgcc.div
                0x0000000000001198        0x0 /usr/lib/gcc/avr/11.2.0/avr5/libgcc.a(_ctors.o)
 .text.libgcc   0x0000000000001198        0x0 /usr/lib/gcc/avr/11.2.0/avr5/libgcc.a(_ctors.o)
 .text.libgcc.prologue
                0x0000000000001198        0x0 /usr/lib/gcc/avr/11.2.0/avr5/libgcc.a(_ctors.o)
 .text.libgcc.builtins
                0x0000000000001198        0x0 /usr/lib/gcc/avr/11.2.0/avr5/libgcc.a(_ctors.o)
 .text.libgcc.fmul
                0x0000000000001198        0x0 /usr/lib/gcc/avr/11.2.0/avr5/libgcc.a(_ctors.o)
 .text.libgcc.fixed
                0x0000000000001198        0x0 /usr/lib/gcc/avr/11.2.0/avr5/libgcc.a(_ctors.o)
 .text.libgcc.mul
                0x0000000000001198        0x0 /usr/lib/gcc/avr/11.2.0/avr5/libgcc.a(_tablejump2.o)
 .text.libgcc.div
                0x0000000000001198        0x0 /usr/lib/gcc/avr/11.2.0/avr5/libgcc.a(_tablejump2.o)
 .text.libgcc   0x0000000000001198        0xc /usr/lib/gcc/avr/11.2.0/avr5/libgcc.a(_tablejump2.o)
                0x0000000000001198                __tablejump2__
 .text.libgcc.prologue
                0x00000000000011a4        0x0 /usr/lib/gcc/avr/11.2.0/avr5/libgcc.a(_tablejump2.o)
 .text.libgcc.builtins
                0x00000000000011a4        0x0 /usr/lib/gcc/avr/11.2.0/avr5/libgcc.a(_tablejump2.o)
 .text.libgcc.fmul
                0x00000000000011a4        0x0 /usr/lib/gcc/avr/11.2.0/avr5/libgcc.a(_tablejump2.o)
 .text.libgcc.fixed
                0x00000000000011a4        0x0 /usr/lib/gcc/avr/11.2.0/avr5/libgcc.a(_tablejump2.o)
                0x00000000000011a4                . = ALIGN (0x2)
 *(.fini9)
 .fini9         0x00000000000011a4        0x0 /usr/lib/gcc/avr/11.2.0/avr5/libgcc.a(_exit.o)
                0x00000000000011a4                exit
                0x00000000000011a4                _exit
 *(.fini9)
 *(.fini8)
 *(.fini8)
 *(.fini7)
 *(.fini7)
 *(.fini6)
 *(.fini6)
 *(.fini5)
 *(.fini5)
 *(.fini4)
 *(.fini4)
 *(.fini3)
 *(.fini3)
 *(.fini2)
 *(.fini2)
 *(.fini1)
 *(.fini1)
 *(.fini0)
 .fini0         0x00000000000011a4        0x4 /usr/lib/gcc/avr/11.2.0/avr5/libgcc.a(_exit.o)
 *(.fini0)
 *(.hightext)
 *(.hightext*)
 *(.progmemx.*)
                0x00000000000011a8                . = ALIGN (0x2)
 *(.jumptables)
 *(.jumptables*)
                0x00000000000011a8                _etext = .

.data           0x0000000000800100       0xb6 load address 0x00000000000011a8
                0x0000000000800100                PROVIDE (__data_start = .)
 *(.data)
 .data          0x0000000000800100        0x0 /usr/lib/gcc/avr/11.2.0/../../../../avr/lib/avr5/crtatmega324pa.o
 .data          0x0000000000800100        0x0 infraRouge.o
 .data          0x0000000000800100        0x0 ../../lib/libstatic.a(Drawing.o)
 .data          0x0000000000800100        0x0 ../../lib/libstatic.a(led.o)
 .data          0x0000000000800100        0x1 ../../lib/libstatic.a(memoire_24.o)
                0x0000000000800100                _ZN13Memoire24CXXX22m_adresse_peripheriqueE
 .data          0x0000000000800101        0x0 ../../lib/libstatic.a(RS232.o)
 .data          0x0000000000800101        0x0 ../../lib/libstatic.a(SircProtocol.o)
 .data          0x0000000000800101        0x0 /usr/lib/gcc/avr/11.2.0/avr5/libgcc.a(_exit.o)
 .data          0x0000000000800101        0x0 /usr/lib/gcc/avr/11.2.0/avr5/libgcc.a(_copy_data.o)
 .data          0x0000000000800101        0x0 /usr/lib/gcc/avr/11.2.0/avr5/libgcc.a(_clear_bss.o)
 .data          0x0000000000800101        0x0 /usr/lib/gcc/avr/11.2.0/avr5/libgcc.a(_ctors.o)
 .data          0x0000000000800101        0x0 /usr/lib/gcc/avr/11.2.0/avr5/libgcc.a(_tablejump2.o)
 *(.data*)
 *(.gnu.linkonce.d*)
 *(.rodata)
 .rodata        0x0000000000800101       0x36 ../../lib/libstatic.a(Drawing.o)
 *(.rodata*)
 .rodata.str1.1
                0x0000000000800137       0x7f ../../lib/libstatic.a(Drawing.o)
 *(.gnu.linkonce.r*)
                0x00000000008001b6                . = ALIGN (0x2)
                0x00000000008001b6                _edata = .
                0x00000000008001b6                PROVIDE (__data_end = .)

.bss            0x00000000008001b6      0x1c6
                0x00000000008001b6                PROVIDE (__bss_start = .)
 *(.bss)
 .bss           0x00000000008001b6        0x0 /usr/lib/gcc/avr/11.2.0/../../../../avr/lib/avr5/crtatmega324pa.o
 .bss           0x00000000008001b6      0x1c6 infraRouge.o
                0x00000000008001b6                led
                0x00000000008001ba                times2
                0x00000000008001de                times
                0x0000000000800376                counter
                0x0000000000800377                data
                0x0000000000800379                time
                0x000000000080037b                isTimerActivated
 .bss           0x000000000080037c        0x0 ../../lib/libstatic.a(Drawing.o)
 .bss           0x000000000080037c        0x0 ../../lib/libstatic.a(led.o)
 .bss           0x000000000080037c        0x0 ../../lib/libstatic.a(memoire_24.o)
 .bss           0x000000000080037c        0x0 ../../lib/libstatic.a(RS232.o)
 .bss           0x000000000080037c        0x0 ../../lib/libstatic.a(SircProtocol.o)
 .bss           0x000000000080037c        0x0 /usr/lib/gcc/avr/11.2.0/avr5/libgcc.a(_exit.o)
 .bss           0x000000000080037c        0x0 /usr/lib/gcc/avr/11.2.0/avr5/libgcc.a(_copy_data.o)
 .bss           0x000000000080037c        0x0 /usr/lib/gcc/avr/11.2.0/avr5/libgcc.a(_clear_bss.o)
 .bss           0x000000000080037c        0x0 /usr/lib/gcc/avr/11.2.0/avr5/libgcc.a(_ctors.o)
 .bss           0x000000000080037c        0x0 /usr/lib/gcc/avr/11.2.0/avr5/libgcc.a(_tablejump2.o)
 *(.bss*)
 *(COMMON)
                0x000000000080037c                PROVIDE (__bss_end = .)
                0x00000000000011a8                __data_load_start = LOADADDR (.data)
                0x000000000000125e                __data_load_end = (__data_load_start + SIZEOF (.data))

.noinit         0x000000000080037c        0x0
                [!provide]                        PROVIDE (__noinit_start = .)
 *(.noinit .noinit.* .gnu.linkonce.n.*)
                [!provide]                        PROVIDE (__noinit_end = .)
                0x000000000080037c                _end = .
                [!provide]                        PROVIDE (__heap_start = .)

.eeprom         0x0000000000810000        0x0
 *(.eeprom*)
                0x0000000000810000                __eeprom_end = .

.fuse
 *(.fuse)
 *(.lfuse)
 *(.hfuse)
 *(.efuse)

.lock
 *(.lock*)

.signature
 *(.signature*)

.stab           0x0000000000000000     0x2ff4
 *(.stab)
 .stab          0x0000000000000000      0xa74 infraRouge.o
 .stab          0x0000000000000a74      0xcfc ../../lib/libstatic.a(Drawing.o)
                                        0xd08 (size before relaxing)
 .stab          0x0000000000001770      0x444 ../../lib/libstatic.a(led.o)
                                        0x450 (size before relaxing)
 .stab          0x0000000000001bb4      0xc18 ../../lib/libstatic.a(memoire_24.o)
                                        0xc24 (size before relaxing)
 .stab          0x00000000000027cc      0x2a0 ../../lib/libstatic.a(RS232.o)
                                        0x2ac (size before relaxing)
 .stab          0x0000000000002a6c      0x588 ../../lib/libstatic.a(SircProtocol.o)
                                        0x594 (size before relaxing)

.stabstr        0x0000000000000000     0x39f3
 *(.stabstr)
 .stabstr       0x0000000000000000     0x39f3 infraRouge.o

.stab.excl
 *(.stab.excl)

.stab.exclstr
 *(.stab.exclstr)

.stab.index
 *(.stab.index)

.stab.indexstr
 *(.stab.indexstr)

.comment        0x0000000000000000       0x23
 *(.comment)
 .comment       0x0000000000000000       0x23 infraRouge.o
                                         0x24 (size before relaxing)
 .comment       0x0000000000000023       0x24 ../../lib/libstatic.a(Drawing.o)
 .comment       0x0000000000000023       0x24 ../../lib/libstatic.a(led.o)
 .comment       0x0000000000000023       0x24 ../../lib/libstatic.a(memoire_24.o)
 .comment       0x0000000000000023       0x24 ../../lib/libstatic.a(RS232.o)
 .comment       0x0000000000000023       0x24 ../../lib/libstatic.a(SircProtocol.o)

.note.gnu.avr.deviceinfo
                0x0000000000000000       0x40
 .note.gnu.avr.deviceinfo
                0x0000000000000000       0x40 /usr/lib/gcc/avr/11.2.0/../../../../avr/lib/avr5/crtatmega324pa.o

.note.gnu.build-id
 *(.note.gnu.build-id)

.debug
 *(.debug)

.line
 *(.line)

.debug_srcinfo
 *(.debug_srcinfo)

.debug_sfnames
 *(.debug_sfnames)

.debug_aranges
 *(.debug_aranges)

.debug_pubnames
 *(.debug_pubnames)

.debug_info     0x0000000000000000      0x6cc
 *(.debug_info .gnu.linkonce.wi.*)
 .debug_info    0x0000000000000000      0x6cc /usr/lib/gcc/avr/11.2.0/../../../../avr/lib/avr5/crtatmega324pa.o

.debug_abbrev   0x0000000000000000      0x66e
 *(.debug_abbrev)
 .debug_abbrev  0x0000000000000000      0x66e /usr/lib/gcc/avr/11.2.0/../../../../avr/lib/avr5/crtatmega324pa.o

.debug_line     0x0000000000000000       0x1d
 *(.debug_line .debug_line.* .debug_line_end)
 .debug_line    0x0000000000000000       0x1d /usr/lib/gcc/avr/11.2.0/../../../../avr/lib/avr5/crtatmega324pa.o

.debug_frame
 *(.debug_frame)

.debug_str      0x0000000000000000      0x255
 *(.debug_str)
 .debug_str     0x0000000000000000      0x255 /usr/lib/gcc/avr/11.2.0/../../../../avr/lib/avr5/crtatmega324pa.o

.debug_loc
 *(.debug_loc)

.debug_macinfo
 *(.debug_macinfo)

.debug_weaknames
 *(.debug_weaknames)

.debug_funcnames
 *(.debug_funcnames)

.debug_typenames
 *(.debug_typenames)

.debug_varnames
 *(.debug_varnames)

.debug_pubtypes
 *(.debug_pubtypes)

.debug_ranges
 *(.debug_ranges)

.debug_addr
 *(.debug_addr)

.debug_line_str
 *(.debug_line_str)

.debug_loclists
 *(.debug_loclists)

.debug_macro
 *(.debug_macro)

.debug_names
 *(.debug_names)

.debug_rnglists
 *(.debug_rnglists)

.debug_str_offsets
 *(.debug_str_offsets)

.debug_sup
 *(.debug_sup)
OUTPUT(infraRouge.elf elf32-avr)
LOAD linker stubs
